exports[`test renders correctly 1`] = `
<ScrollView
  style={
    Object {
      "backgroundColor": "#fefefe",
      "flex": 1,
    }
  } />
`;
