exports[`test renders correctly loaded 1`] = `
<ScrollView
  style={
    Object {
      "backgroundColor": "#fefefe",
      "flex": 1,
    }
  } />
`;

exports[`test renders correctly not loaded 1`] = `
<View
  style={
    Object {
      "alignItems": "center",
      "flex": 1,
      "justifyContent": "center",
    }
  }>
  <ActivityIndicator
    animating={true}
    color="#999999"
    hidesWhenStopped={true}
    size="large"
    style={
      Object {
        "height": 80,
      }
    } />
</View>
`;
