exports[`test renders correctly loaded 1`] = `
<ScrollView
  automaticallyAdjustContentInsets={true}
  keyboardDismissMode="interactive"
  keyboardShouldPersistTaps="handled"
  scrollEnable={true}
  showsVerticalScrollIndicator={false}>
  <View
    accessibilityComponentType={undefined}
    accessibilityLabel={undefined}
    accessibilityTraits={undefined}
    accessible={true}
    hitSlop={undefined}
    onLayout={undefined}
    onResponderGrant={[Function]}
    onResponderMove={[Function]}
    onResponderRelease={[Function]}
    onResponderTerminate={[Function]}
    onResponderTerminationRequest={[Function]}
    onStartShouldSetResponder={[Function]}
    style={
      Object {
        "flex": 1,
      }
    }
    testID={undefined} />
</ScrollView>
`;

exports[`test renders correctly not loaded 1`] = `
<View
  style={
    Object {
      "alignItems": "center",
      "backgroundColor": "#FEFEFE",
      "flex": 1,
      "justifyContent": "center",
    }
  }>
  <ActivityIndicator
    animating={true}
    color="#999999"
    hidesWhenStopped={true}
    size="large"
    style={
      Object {
        "height": 80,
      }
    } />
</View>
`;
